To honour the JVM settings for this build a single-use Daemon process will be forked. For more on this, please refer to https://docs.gradle.org/8.8/userguide/gradle_daemon.html#sec:disabling_the_daemon in the Gradle documentation.
Daemon will be stopped at the end of the build 

> Configure project :
Fabric Loom: 1.7.4
Fabric Loom: 1.7.4

> Configure project :common
~~~~~~~~~~~~~~~~~~~~~~~~~~~~~~~~~~~~~~~~~~~~~~~~~~~~~~~~~~~~~~
Using of the official minecraft mappings is at your own risk!
Please make sure to read and understand the following license:
~~~~~~~~~~~~~~~~~~~~~~~~~~~~~~~~~~~~~~~~~~~~~~~~~~~~~~~~~~~~~~
# (c) 2020 Microsoft Corporation. These mappings are provided "as-is" and you bear the risk of using them. You may copy and use the mappings for development purposes, but you may not redistribute the mappings complete and unmodified. Microsoft makes no warranties, express or implied, with respect to the mappings provided here.  Use and modification of this document or the source code (in any form) of Minecraft: Java Edition is governed by the Minecraft End User License Agreement available at https://account.mojang.com/documents/minecraft_eula.
~~~~~~~~~~~~~~~~~~~~~~~~~~~~~~~~~~~~~~~~~~~~~~~~~~~~~~~~~~~~~~

> Task :common:compileJava
/app/applet/repo-mod/common/src/main/java/com/elfmcys/yesstevemodel/YesSteveModel.java:16: error: cannot find symbol
import net.minecraftforge.fml.config.ModConfig;
                                    ^
  symbol:   class ModConfig
  location: package net.minecraftforge.fml.config
/app/applet/repo-mod/common/src/main/java/com/elfmcys/yesstevemodel/client/model/ModelAssembly.java:8: error: cannot find symbol
import net.minecraft.resources.ResourceLocation;
                              ^
  symbol:   class ResourceLocation
  location: package net.minecraft.resources
/app/applet/repo-mod/common/src/main/java/com/elfmcys/yesstevemodel/client/model/ModelAssembly.java:17: error: cannot find symbol
    private final Map<ResourceLocation, ProjectileModelBundle> projectileModels;
                      ^
  symbol:   class ResourceLocation
  location: class ModelAssembly
/app/applet/repo-mod/common/src/main/java/com/elfmcys/yesstevemodel/client/model/ModelAssembly.java:19: error: cannot find symbol
    private final Map<ResourceLocation, VehicleModelBundle> vehicleModels;
                      ^
  symbol:   class ResourceLocation
  location: class ModelAssembly
/app/applet/repo-mod/common/src/main/java/com/elfmcys/yesstevemodel/client/model/ModelAssembly.java:29: error: cannot find symbol
    public ModelAssembly(PlayerModelBundle animationBundle, Map<ResourceLocation, ProjectileModelBundle> projectileModels, Map<ResourceLocation, VehicleModelBundle> vehicleModels, ModelResourceBundle expressionCache, ServerModelInfo modelData, ModelDisplayAssets textureRegistry, List<AbstractTexture> list) {
                                                                ^
  symbol:   class ResourceLocation
  location: class ModelAssembly
/app/applet/repo-mod/common/src/main/java/com/elfmcys/yesstevemodel/client/model/ModelAssembly.java:29: error: cannot find symbol
    public ModelAssembly(PlayerModelBundle animationBundle, Map<ResourceLocation, ProjectileModelBundle> projectileModels, Map<ResourceLocation, VehicleModelBundle> vehicleModels, ModelResourceBundle expressionCache, ServerModelInfo modelData, ModelDisplayAssets textureRegistry, List<AbstractTexture> list) {
                                                                                                                               ^
  symbol:   class ResourceLocation
  location: class ModelAssembly
/app/applet/repo-mod/common/src/main/java/com/elfmcys/yesstevemodel/client/model/ModelAssembly.java:51: error: cannot find symbol
    public Map<ResourceLocation, ProjectileModelBundle> getProjectileModels() {
               ^
  symbol:   class ResourceLocation
  location: class ModelAssembly
/app/applet/repo-mod/common/src/main/java/com/elfmcys/yesstevemodel/client/model/ModelAssembly.java:55: error: cannot find symbol
    public Map<ResourceLocation, VehicleModelBundle> getVehicleModels() {
               ^
  symbol:   class ResourceLocation
  location: class ModelAssembly
/app/applet/repo-mod/common/src/main/java/rip/ysm/compat/oculus/ShadersTextureType.java:3: error: cannot find symbol
import net.minecraft.resources.ResourceLocation;
                              ^
  symbol:   class ResourceLocation
  location: package net.minecraft.resources
/app/applet/repo-mod/common/src/main/java/rip/ysm/compat/oculus/ShadersTextureType.java:17: error: cannot find symbol
    public ResourceLocation appendSuffix(ResourceLocation resourceLocation) {
                                         ^
  symbol:   class ResourceLocation
  location: class ShadersTextureType
/app/applet/repo-mod/common/src/main/java/rip/ysm/compat/oculus/ShadersTextureType.java:17: error: cannot find symbol
    public ResourceLocation appendSuffix(ResourceLocation resourceLocation) {
           ^
  symbol:   class ResourceLocation
  location: class ShadersTextureType
/app/applet/repo-mod/common/src/main/java/com/elfmcys/yesstevemodel/molang/parser/ast/StringExpression.java:4: error: cannot find symbol
import net.minecraft.resources.ResourceLocation;
                              ^
  symbol:   class ResourceLocation
  location: package net.minecraft.resources
/app/applet/repo-mod/common/src/main/java/com/elfmcys/yesstevemodel/molang/runtime/Function.java:7: error: cannot find symbol
import net.minecraft.resources.ResourceLocation;
                              ^
  symbol:   class ResourceLocation
  location: package net.minecraft.resources
/app/applet/repo-mod/common/src/main/java/com/elfmcys/yesstevemodel/molang/runtime/Function.java:72: error: cannot find symbol
        public ResourceLocation getResourceLocation(@NotNull ExecutionContext<? extends IContext<?>> ctx, final int index) {
               ^
  symbol:   class ResourceLocation
  location: class ArgumentCollection
/app/applet/repo-mod/common/src/main/java/com/elfmcys/yesstevemodel/geckolib3/core/AnimatableEntity.java:32: error: cannot find symbol
import net.minecraft.resources.ResourceLocation;
                              ^
  symbol:   class ResourceLocation
  location: package net.minecraft.resources
/app/applet/repo-mod/common/src/main/java/com/elfmcys/yesstevemodel/audio/AudioPlayerManager.java:11: error: cannot find symbol
import net.minecraft.resources.ResourceLocation;
                              ^
  symbol:   class ResourceLocation
  location: package net.minecraft.resources
/app/applet/repo-mod/common/src/main/java/com/elfmcys/yesstevemodel/geckolib3/core/AnimatableEntity.java:102: error: cannot find symbol
    public abstract ResourceLocation getTextureLocation();
                    ^
  symbol:   class ResourceLocation
  location: class AnimatableEntity<TEntity>
  where TEntity is a type-variable:
    TEntity extends Entity declared in class AnimatableEntity
/app/applet/repo-mod/common/src/main/java/com/elfmcys/yesstevemodel/molang/parser/ast/StringExpression.java:17: error: cannot find symbol
    private ResourceLocation cachedLocation;
            ^
  symbol:   class ResourceLocation
  location: class StringExpression
/app/applet/repo-mod/common/src/main/java/com/elfmcys/yesstevemodel/molang/parser/ast/StringExpression.java:47: error: cannot find symbol
    public ResourceLocation getResourceLocation() {
           ^
  symbol:   class ResourceLocation
  location: class StringExpression
/app/applet/repo-mod/common/src/main/java/com/elfmcys/yesstevemodel/molang/parser/ast/StringExpression.java:51: error: cannot find symbol
    public void setResourceLocation(@Nullable ResourceLocation resourceLocation) {
                                              ^
  symbol:   class ResourceLocation
  location: class StringExpression
/app/applet/repo-mod/common/src/main/java/com/elfmcys/yesstevemodel/client/entity/GeckoVehicleEntity.java:13: error: cannot find symbol
import net.minecraft.resources.ResourceLocation;
                              ^
  symbol:   class ResourceLocation
  location: package net.minecraft.resources
/app/applet/repo-mod/common/src/main/java/com/elfmcys/yesstevemodel/client/entity/GeckoVehicleEntity.java:75: error: cannot find symbol
    public ResourceLocation getTextureLocation() {
           ^
  symbol:   class ResourceLocation
  location: class GeckoVehicleEntity
/app/applet/repo-mod/common/src/main/java/com/elfmcys/yesstevemodel/client/entity/GeckoProjectileEntity.java:11: error: cannot find symbol
import net.minecraft.resources.ResourceLocation;
                              ^
  symbol:   class ResourceLocation
  location: package net.minecraft.resources
/app/applet/repo-mod/common/src/main/java/com/elfmcys/yesstevemodel/client/entity/GeckoProjectileEntity.java:60: error: cannot find symbol
    public ResourceLocation getTextureLocation() {
           ^
  symbol:   class ResourceLocation
  location: class GeckoProjectileEntity
/app/applet/repo-mod/common/src/main/java/com/elfmcys/yesstevemodel/client/entity/LivingAnimatable.java:24: error: cannot find symbol
import net.minecraft.resources.ResourceLocation;
                              ^
  symbol:   class ResourceLocation
  location: package net.minecraft.resources
/app/applet/repo-mod/common/src/main/java/com/elfmcys/yesstevemodel/client/entity/PlayerGeoEntity.java:11: error: cannot find symbol
import net.minecraft.resources.ResourceLocation;
                              ^
  symbol:   class ResourceLocation
  location: package net.minecraft.resources
/app/applet/repo-mod/common/src/main/java/com/elfmcys/yesstevemodel/capability/PlayerCapability.java:23: error: package dev.architectury.injectables.annotations does not exist
import dev.architectury.injectables.annotations.ExpectPlatform;
                                               ^
/app/applet/repo-mod/common/src/main/java/com/elfmcys/yesstevemodel/client/entity/PlayerGeoEntity.java:58: error: cannot find symbol
    public ResourceLocation getTextureLocation() {
           ^
  symbol:   class ResourceLocation
  location: class PlayerGeoEntity
/app/applet/repo-mod/common/src/main/java/com/elfmcys/yesstevemodel/client/upload/IResourceLocatable.java:3: error: cannot find symbol
import net.minecraft.resources.ResourceLocation;
                              ^
  symbol:   class ResourceLocation
  location: package net.minecraft.resources
/app/applet/repo-mod/common/src/main/java/com/elfmcys/yesstevemodel/client/upload/IResourceLocatable.java:8: error: cannot find symbol
    Optional<ResourceLocation> getResourceLocation();
             ^
  symbol:   class ResourceLocation
  location: interface IResourceLocatable
/app/applet/repo-mod/common/src/main/java/rip/ysm/compat/immersivemelodies/ImmersiveMelodiesCompat.java:4: error: package dev.architectury.injectables.annotations does not exist
import dev.architectury.injectables.annotations.ExpectPlatform;
                                               ^
/app/applet/repo-mod/common/src/main/java/com/elfmcys/yesstevemodel/geckolib3/core/molang/binding/ContextBinding.java:99: error: cannot find symbol
    public void throwableProjectileEntityVar(String name, IValueEvaluator<?, IContext<ThrowableItemProjectile>> evaluator) {
                                                                                      ^
  symbol:   class ThrowableItemProjectile
  location: class ContextBinding
/app/applet/repo-mod/common/src/main/java/com/elfmcys/yesstevemodel/geckolib3/core/molang/binding/ContextBinding.java:107: error: cannot find symbol
    public void abstractArrowEntityVar(String name, IValueEvaluator<?, IContext<AbstractArrow>> evaluator) {
                                                                                ^
  symbol:   class AbstractArrow
  location: class ContextBinding
/app/applet/repo-mod/common/src/main/java/com/elfmcys/yesstevemodel/geckolib3/core/molang/binding/ContextBinding.java:111: error: cannot find symbol
    public void arrowEntityVar(String name, IValueEvaluator<?, IContext<Arrow>> evaluator) {
                                                                        ^
  symbol:   class Arrow
  location: class ContextBinding
/app/applet/repo-mod/common/src/main/java/com/elfmcys/yesstevemodel/client/entity/LivingAnimatable.java:215: error: cannot find symbol
    public ResourceLocation getTextureLocation() {
           ^
  symbol:   class ResourceLocation
  location: class LivingAnimatable<T>
  where T is a type-variable:
    T extends LivingEntity declared in class LivingAnimatable
/app/applet/repo-mod/common/src/main/java/com/elfmcys/yesstevemodel/client/animation/condition/ConditionArmor.java:9: error: cannot find symbol
import net.minecraft.resources.ResourceLocation;
                              ^
  symbol:   class ResourceLocation
  location: package net.minecraft.resources
/app/applet/repo-mod/common/src/main/java/com/elfmcys/yesstevemodel/client/animation/condition/ConditionArmor.java:31: error: cannot find symbol
    private final Reference2ReferenceOpenHashMap<EquipmentSlot, ObjectOpenHashSet<ResourceLocation>> idTest = new Reference2ReferenceOpenHashMap<>();
                                                                                  ^
  symbol:   class ResourceLocation
  location: class ConditionArmor
/app/applet/repo-mod/common/src/main/java/com/elfmcys/yesstevemodel/client/animation/condition/ConditionSwing.java:8: error: cannot find symbol
import net.minecraft.resources.ResourceLocation;
                              ^
  symbol:   class ResourceLocation
  location: package net.minecraft.resources
/app/applet/repo-mod/common/src/main/java/com/elfmcys/yesstevemodel/client/animation/condition/ConditionSwing.java:14: error: cannot find symbol
import net.minecraft.world.item.UseAnim;
                               ^
  symbol:   class UseAnim
  location: package net.minecraft.world.item
/app/applet/repo-mod/common/src/main/java/com/elfmcys/yesstevemodel/client/animation/condition/ConditionUse.java:8: error: cannot find symbol
import net.minecraft.resources.ResourceLocation;
                              ^
  symbol:   class ResourceLocation
  location: package net.minecraft.resources
/app/applet/repo-mod/common/src/main/java/com/elfmcys/yesstevemodel/client/animation/condition/ConditionUse.java:14: error: cannot find symbol
import net.minecraft.world.item.UseAnim;
                               ^
  symbol:   class UseAnim
  location: package net.minecraft.world.item
/app/applet/repo-mod/common/src/main/java/com/elfmcys/yesstevemodel/client/animation/condition/ConditionHold.java:9: error: cannot find symbol
import net.minecraft.resources.ResourceLocation;
                              ^
  symbol:   class ResourceLocation
  location: package net.minecraft.resources
/app/applet/repo-mod/common/src/main/java/com/elfmcys/yesstevemodel/client/animation/condition/ConditionHold.java:15: error: cannot find symbol
import net.minecraft.world.item.UseAnim;
                               ^
  symbol:   class UseAnim
  location: package net.minecraft.world.item
/app/applet/repo-mod/common/src/main/java/rip/ysm/compat/gun/tacz/ConditionTAC.java:4: error: cannot find symbol
import net.minecraft.resources.ResourceLocation;
                              ^
  symbol:   class ResourceLocation
  location: package net.minecraft.resources
/app/applet/repo-mod/common/src/main/java/com/elfmcys/yesstevemodel/client/animation/condition/ConditionVehicle.java:7: error: cannot find symbol
import net.minecraft.resources.ResourceLocation;
                              ^
  symbol:   class ResourceLocation
  location: package net.minecraft.resources
/app/applet/repo-mod/common/src/main/java/com/elfmcys/yesstevemodel/client/animation/condition/ConditionPassenger.java:7: error: cannot find symbol
import net.minecraft.resources.ResourceLocation;
                              ^
  symbol:   class ResourceLocation
  location: package net.minecraft.resources
/app/applet/repo-mod/common/src/main/java/com/elfmcys/yesstevemodel/client/animation/condition/ConditionChair.java:5: error: cannot find symbol
import net.minecraft.resources.ResourceLocation;
                              ^
  symbol:   class ResourceLocation
  location: package net.minecraft.resources
/app/applet/repo-mod/common/src/main/java/com/elfmcys/yesstevemodel/client/animation/condition/ConditionPassenger.java:17: error: cannot find symbol
    private final ObjectOpenHashSet<ResourceLocation> idTest = new ObjectOpenHashSet<>();
                                    ^
  symbol:   class ResourceLocation
  location: class ConditionPassenger
/app/applet/repo-mod/common/src/main/java/com/elfmcys/yesstevemodel/client/animation/condition/ConditionVehicle.java:17: error: cannot find symbol
    private final ObjectOpenHashSet<ResourceLocation> idTest = new ObjectOpenHashSet<>();
                                    ^
  symbol:   class ResourceLocation
  location: class ConditionVehicle
/app/applet/repo-mod/common/src/main/java/rip/ysm/compat/gun/tacz/ConditionTAC.java:15: error: cannot find symbol
    private final ObjectOpenHashSet<ResourceLocation> idTest = new ObjectOpenHashSet<>();
                                    ^
  symbol:   class ResourceLocation
  location: class ConditionTAC
/app/applet/repo-mod/common/src/main/java/com/elfmcys/yesstevemodel/client/animation/condition/ConditionHold.java:39: error: cannot find symbol
    private final ObjectOpenHashSet<ResourceLocation> idTest = new ObjectOpenHashSet<>();
                                    ^
  symbol:   class ResourceLocation
  location: class ConditionHold
/app/applet/repo-mod/common/src/main/java/com/elfmcys/yesstevemodel/client/animation/condition/ConditionHold.java:43: error: cannot find symbol
    private final ReferenceOpenHashSet<UseAnim> extraTes = new ReferenceOpenHashSet<>();
                                       ^
  symbol:   class UseAnim
  location: class ConditionHold
/app/applet/repo-mod/common/src/main/java/com/elfmcys/yesstevemodel/client/animation/condition/ConditionUse.java:34: error: cannot find symbol
    private final ObjectOpenHashSet<ResourceLocation> idTest = new ObjectOpenHashSet<>();
                                    ^
  symbol:   class ResourceLocation
  location: class ConditionUse
/app/applet/repo-mod/common/src/main/java/com/elfmcys/yesstevemodel/client/animation/condition/ConditionUse.java:38: error: cannot find symbol
    private final ObjectOpenHashSet<UseAnim> extraTes = new ObjectOpenHashSet<>();
                                    ^
  symbol:   class UseAnim
  location: class ConditionUse
/app/applet/repo-mod/common/src/main/java/com/elfmcys/yesstevemodel/client/animation/condition/ConditionSwing.java:34: error: cannot find symbol
    private final ObjectOpenHashSet<ResourceLocation> idTest = new ObjectOpenHashSet<>();
                                    ^
  symbol:   class ResourceLocation
  location: class ConditionSwing
/app/applet/repo-mod/common/src/main/java/com/elfmcys/yesstevemodel/client/animation/condition/ConditionSwing.java:38: error: cannot find symbol
    private final ObjectOpenHashSet<UseAnim> extraTes = new ObjectOpenHashSet<>();
                                    ^
  symbol:   class UseAnim
  location: class ConditionSwing
/app/applet/repo-mod/common/src/main/java/com/elfmcys/yesstevemodel/capability/AuthModelsCapability.java:4: error: package dev.architectury.injectables.annotations does not exist
import dev.architectury.injectables.annotations.ExpectPlatform;
                                               ^
/app/applet/repo-mod/common/src/main/java/com/elfmcys/yesstevemodel/capability/ModelInfoCapability.java:12: error: package dev.architectury.injectables.annotations does not exist
import dev.architectury.injectables.annotations.ExpectPlatform;
                                               ^
/app/applet/repo-mod/common/src/main/java/com/elfmcys/yesstevemodel/capability/ProjectileCapability.java:5: error: package dev.architectury.injectables.annotations does not exist
import dev.architectury.injectables.annotations.ExpectPlatform;
                                               ^
/app/applet/repo-mod/common/src/main/java/com/elfmcys/yesstevemodel/capability/ProjectileModelCapability.java:3: error: package dev.architectury.injectables.annotations does not exist
import dev.architectury.injectables.annotations.ExpectPlatform;
                                               ^
/app/applet/repo-mod/common/src/main/java/com/elfmcys/yesstevemodel/capability/StarModelsCapability.java:4: error: package dev.architectury.injectables.annotations does not exist
import dev.architectury.injectables.annotations.ExpectPlatform;
                                               ^
/app/applet/repo-mod/common/src/main/java/com/elfmcys/yesstevemodel/capability/VehicleCapability.java:5: error: package dev.architectury.injectables.annotations does not exist
import dev.architectury.injectables.annotations.ExpectPlatform;
                                               ^
/app/applet/repo-mod/common/src/main/java/com/elfmcys/yesstevemodel/capability/VehicleModelCapability.java:3: error: package dev.architectury.injectables.annotations does not exist
import dev.architectury.injectables.annotations.ExpectPlatform;
                                               ^
/app/applet/repo-mod/common/src/main/java/com/elfmcys/yesstevemodel/client/ClientModelManager.java:41: error: cannot find symbol
import net.minecraft.resources.ResourceLocation;
                              ^
  symbol:   class ResourceLocation
  location: package net.minecraft.resources
/app/applet/repo-mod/common/src/main/java/com/elfmcys/yesstevemodel/client/ClientModelManager.java:970: error: cannot find symbol
    public static ResourceLocation getDefaultTexture() {
                  ^
  symbol:   class ResourceLocation
  location: class ClientModelManager
/app/applet/repo-mod/common/src/main/java/com/elfmcys/yesstevemodel/client/animation/molang/YSMBinding.java:37: error: cannot find symbol
import net.minecraft.resources.ResourceLocation;
                              ^
  symbol:   class ResourceLocation
  location: package net.minecraft.resources
/app/applet/repo-mod/common/src/main/java/com/elfmcys/yesstevemodel/client/animation/molang/YSMBinding.java:43: error: cannot find symbol
import net.minecraft.world.entity.animal.Parrot;
                                        ^
  symbol:   class Parrot
  location: package net.minecraft.world.entity.animal
/app/applet/repo-mod/common/src/main/java/com/elfmcys/yesstevemodel/client/animation/molang/YSMBinding.java:45: error: cannot find symbol
import net.minecraft.world.entity.projectile.Arrow;
                                            ^
  symbol:   class Arrow
  location: package net.minecraft.world.entity.projectile
/app/applet/repo-mod/common/src/main/java/com/elfmcys/yesstevemodel/client/animation/molang/YSMBinding.java:47: error: cannot find symbol
import net.minecraft.world.entity.projectile.SpectralArrow;
                                            ^
  symbol:   class SpectralArrow
  location: package net.minecraft.world.entity.projectile
/app/applet/repo-mod/common/src/main/java/com/elfmcys/yesstevemodel/client/animation/molang/YSMBinding.java:48: error: cannot find symbol
import net.minecraft.world.entity.projectile.ThrowableItemProjectile;
                                            ^
  symbol:   class ThrowableItemProjectile
  location: package net.minecraft.world.entity.projectile
/app/applet/repo-mod/common/src/main/java/com/elfmcys/yesstevemodel/client/animation/molang/YSMBinding.java:292: error: cannot find symbol
    private static String getThrowableItemId(IContext<ThrowableItemProjectile> context) {
                                                      ^
  symbol:   class ThrowableItemProjectile
  location: class YSMBinding
/app/applet/repo-mod/common/src/main/java/com/elfmcys/yesstevemodel/client/animation/molang/functions/ctrl/Armor.java:9: error: cannot find symbol
import net.minecraft.resources.ResourceLocation;
                              ^
  symbol:   class ResourceLocation
  location: package net.minecraft.resources
/app/applet/repo-mod/common/src/main/java/com/elfmcys/yesstevemodel/client/animation/molang/functions/ctrl/HandRenderFunction.java:15: error: cannot find symbol
import net.minecraft.resources.ResourceLocation;
                              ^
  symbol:   class ResourceLocation
  location: package net.minecraft.resources
/app/applet/repo-mod/common/src/main/java/com/elfmcys/yesstevemodel/client/animation/molang/functions/ctrl/Ride.java:8: error: cannot find symbol
import net.minecraft.resources.ResourceLocation;
                              ^
  symbol:   class ResourceLocation
  location: package net.minecraft.resources
/app/applet/repo-mod/common/src/main/java/com/elfmcys/yesstevemodel/client/animation/molang/functions/ysm/DumpEquippedItem.java:12: error: cannot find symbol
import net.minecraft.resources.ResourceLocation;
                              ^
  symbol:   class ResourceLocation
  location: package net.minecraft.resources
/app/applet/repo-mod/common/src/main/java/com/elfmcys/yesstevemodel/client/animation/molang/functions/ysm/DumpRelativeBlock.java:10: error: cannot find symbol
import net.minecraft.resources.ResourceLocation;
                              ^
  symbol:   class ResourceLocation
  location: package net.minecraft.resources
/app/applet/repo-mod/common/src/main/java/com/elfmcys/yesstevemodel/client/animation/molang/functions/ysm/EffectLevel.java:10: error: cannot find symbol
import net.minecraft.resources.ResourceLocation;
                              ^
  symbol:   class ResourceLocation
  location: package net.minecraft.resources
/app/applet/repo-mod/common/src/main/java/com/elfmcys/yesstevemodel/client/animation/molang/functions/ysm/EffectLevel.java:15: error: cannot find symbol
import net.minecraft.world.entity.projectile.Arrow;
                                            ^
  symbol:   class Arrow
  location: package net.minecraft.world.entity.projectile
/app/applet/repo-mod/common/src/main/java/com/elfmcys/yesstevemodel/client/animation/molang/functions/ysm/EquippedEnchantmentLevel.java:10: error: cannot find symbol
import net.minecraft.resources.ResourceLocation;
                              ^
  symbol:   class ResourceLocation
  location: package net.minecraft.resources
/app/applet/repo-mod/common/src/main/java/com/elfmcys/yesstevemodel/client/animation/molang/functions/ysm/RelativeBlockName.java:8: error: cannot find symbol
import net.minecraft.resources.ResourceLocation;
                              ^
  symbol:   class ResourceLocation
  location: package net.minecraft.resources
/app/applet/repo-mod/common/src/main/java/com/elfmcys/yesstevemodel/client/animation/molang/functions/ysm/RelativeBlockNameAny.java:8: error: cannot find symbol
import net.minecraft.resources.ResourceLocation;
                              ^
  symbol:   class ResourceLocation
  location: package net.minecraft.resources
/app/applet/repo-mod/common/src/main/java/com/elfmcys/yesstevemodel/client/animation/molang/functions/ysm/curios/HasAnyCurios.java:10: error: cannot find symbol
import net.minecraft.resources.ResourceLocation;
                              ^
  symbol:   class ResourceLocation
  location: package net.minecraft.resources
/app/applet/repo-mod/common/src/main/java/com/elfmcys/yesstevemodel/client/animation/molang/functions/ysm/curios/HasAnyCuriosWithAllTags.java:10: error: cannot find symbol
import net.minecraft.resources.ResourceLocation;
                              ^
  symbol:   class ResourceLocation
  location: package net.minecraft.resources
/app/applet/repo-mod/common/src/main/java/com/elfmcys/yesstevemodel/client/animation/molang/functions/ysm/curios/HasAnyCuriosWithAnyTag.java:10: error: cannot find symbol
import net.minecraft.resources.ResourceLocation;
                              ^
  symbol:   class ResourceLocation
  location: package net.minecraft.resources
/app/applet/repo-mod/common/src/main/java/com/elfmcys/yesstevemodel/client/animation/predicate/LivingMovementAnimationPredicate.java:18: error: cannot find symbol
import net.minecraft.world.entity.Saddleable;
                                 ^
  symbol:   class Saddleable
  location: package net.minecraft.world.entity
/app/applet/repo-mod/common/src/main/java/com/elfmcys/yesstevemodel/client/animation/predicate/LivingMovementAnimationPredicate.java:19: error: cannot find symbol
import net.minecraft.world.entity.animal.Pig;
                                        ^
  symbol:   class Pig
  location: package net.minecraft.world.entity.animal
/app/applet/repo-mod/common/src/main/java/com/elfmcys/yesstevemodel/client/animation/predicate/LivingMovementAnimationPredicate.java:21: error: cannot find symbol
import net.minecraft.world.entity.vehicle.Boat;
                                         ^
  symbol:   class Boat
  location: package net.minecraft.world.entity.vehicle
/app/applet/repo-mod/common/src/main/java/com/elfmcys/yesstevemodel/client/event/AnimationLockEvent.java:12: error: cannot find symbol
import net.minecraft.client.player.Input;
                                  ^
  symbol:   class Input
  location: package net.minecraft.client.player
/app/applet/repo-mod/common/src/main/java/com/elfmcys/yesstevemodel/client/gui/button/ModelButton.java:24: error: cannot find symbol
import net.minecraft.Util;
                    ^
  symbol:   class Util
  location: package net.minecraft
/app/applet/repo-mod/common/src/main/java/com/elfmcys/yesstevemodel/client/gui/button/ModelButton.java:33: error: cannot find symbol
import net.minecraft.resources.ResourceLocation;
                              ^
  symbol:   class ResourceLocation
  location: package net.minecraft.resources
/app/applet/repo-mod/common/src/main/java/com/elfmcys/yesstevemodel/client/gui/ModelInfoScreen.java:15: error: cannot find symbol
import net.minecraft.Util;
                    ^
  symbol:   class Util
  location: package net.minecraft
/app/applet/repo-mod/common/src/main/java/com/elfmcys/yesstevemodel/client/gui/ModelInfoScreen.java:22: error: cannot find symbol
import net.minecraft.resources.ResourceLocation;
                              ^
  symbol:   class ResourceLocation
  location: package net.minecraft.resources
/app/applet/repo-mod/common/src/main/java/com/elfmcys/yesstevemodel/client/gui/ModelInfoScreen.java:31: error: cannot find symbol
    private static final ResourceLocation DEFAULT_AVATAR = ResourceLocation.fromNamespaceAndPath(YesSteveModel.MOD_ID, "texture/default_avatar.png");
                         ^
  symbol:   class ResourceLocation
  location: class ModelInfoScreen
/app/applet/repo-mod/common/src/main/java/com/elfmcys/yesstevemodel/client/gui/button/ModelButton.java:43: error: cannot find symbol
    private static final ResourceLocation ICON_TEXTURE = ResourceLocation.fromNamespaceAndPath(YesSteveModel.MOD_ID, "texture/icon.png");
                         ^
  symbol:   class ResourceLocation
  location: class ModelButton
/app/applet/repo-mod/common/src/main/java/com/elfmcys/yesstevemodel/client/event/PlayerSkinTextureManager.java:9: error: cannot find symbol
import net.minecraft.resources.ResourceLocation;
                              ^
  symbol:   class ResourceLocation
  location: package net.minecraft.resources
/app/applet/repo-mod/common/src/main/java/com/elfmcys/yesstevemodel/client/event/PlayerSkinTextureManager.java:17: error: cannot find symbol
    private static final ResourceLocation STEVE_SKIN = ResourceLocation.withDefaultNamespace("textures/entity/player/wide/steve.png");
                         ^
  symbol:   class ResourceLocation
  location: class PlayerSkinTextureManager
/app/applet/repo-mod/common/src/main/java/com/elfmcys/yesstevemodel/client/event/PlayerSkinTextureManager.java:19: error: cannot find symbol
    private static final ResourceLocation ALEX_SKIN = ResourceLocation.withDefaultNamespace("textures/entity/player/slim/alex.png");
                         ^
  symbol:   class ResourceLocation
  location: class PlayerSkinTextureManager
/app/applet/repo-mod/common/src/main/java/com/elfmcys/yesstevemodel/event/api/SpecialPlayerRenderEvent.java:7: error: cannot find symbol
import net.minecraft.resources.ResourceLocation;
                              ^
  symbol:   class ResourceLocation
  location: package net.minecraft.resources
/app/applet/repo-mod/common/src/main/java/com/elfmcys/yesstevemodel/client/event/PlayerSkinTextureManager.java:55: error: cannot find symbol
    private static ResourceLocation getSkinTexture(String str) {
                   ^
  symbol:   class ResourceLocation
  location: class PlayerSkinTextureManager
/app/applet/repo-mod/common/src/main/java/com/elfmcys/yesstevemodel/event/api/SpecialPlayerRenderEvent.java:31: error: cannot find symbol
    private ResourceLocation textureLocation;
            ^
  symbol:   class ResourceLocation
  location: class SpecialPlayerRenderEvent
Note: Some input files use or override a deprecated API.
Note: Recompile with -Xlint:deprecation for details.
Note: Some input files use unchecked or unsafe operations.
Note: Recompile with -Xlint:unchecked for details.
Note: Some messages have been simplified; recompile with -Xdiags:verbose to get full output
100 errors
only showing the first 100 errors, of 1170 total; use -Xmaxerrs if you would like to see more

> Task :common:compileJava FAILED

FAILURE: Build failed with an exception.

* What went wrong:
Execution failed for task ':common:compileJava'.
> Compilation failed; see the compiler error output for details.

* Try:
> Run with --info option to get more log output.
> Run with --scan to get full insights.

* Exception is:
org.gradle.api.tasks.TaskExecutionException: Execution failed for task ':common:compileJava'.
	at org.gradle.api.internal.tasks.execution.ExecuteActionsTaskExecuter.lambda$executeIfValid$1(ExecuteActionsTaskExecuter.java:130)
	at org.gradle.internal.Try$Failure.ifSuccessfulOrElse(Try.java:282)
	at org.gradle.api.internal.tasks.execution.ExecuteActionsTaskExecuter.executeIfValid(ExecuteActionsTaskExecuter.java:128)
	at org.gradle.api.internal.tasks.execution.ExecuteActionsTaskExecuter.execute(ExecuteActionsTaskExecuter.java:116)
	at org.gradle.api.internal.tasks.execution.FinalizePropertiesTaskExecuter.execute(FinalizePropertiesTaskExecuter.java:46)
	at org.gradle.api.internal.tasks.execution.ResolveTaskExecutionModeExecuter.execute(ResolveTaskExecutionModeExecuter.java:51)
	at org.gradle.api.internal.tasks.execution.SkipTaskWithNoActionsExecuter.execute(SkipTaskWithNoActionsExecuter.java:57)
	at org.gradle.api.internal.tasks.execution.SkipOnlyIfTaskExecuter.execute(SkipOnlyIfTaskExecuter.java:74)
	at org.gradle.api.internal.tasks.execution.CatchExceptionTaskExecuter.execute(CatchExceptionTaskExecuter.java:36)
	at org.gradle.api.internal.tasks.execution.EventFiringTaskExecuter$1.executeTask(EventFiringTaskExecuter.java:77)
	at org.gradle.api.internal.tasks.execution.EventFiringTaskExecuter$1.call(EventFiringTaskExecuter.java:55)
	at org.gradle.api.internal.tasks.execution.EventFiringTaskExecuter$1.call(EventFiringTaskExecuter.java:52)
	at org.gradle.internal.operations.DefaultBuildOperationRunner$CallableBuildOperationWorker.execute(DefaultBuildOperationRunner.java:209)
	at org.gradle.internal.operations.DefaultBuildOperationRunner$CallableBuildOperationWorker.execute(DefaultBuildOperationRunner.java:204)
	at org.gradle.internal.operations.DefaultBuildOperationRunner$2.execute(DefaultBuildOperationRunner.java:66)
	at org.gradle.internal.operations.DefaultBuildOperationRunner$2.execute(DefaultBuildOperationRunner.java:59)
	at org.gradle.internal.operations.DefaultBuildOperationRunner.execute(DefaultBuildOperationRunner.java:166)
	at org.gradle.internal.operations.DefaultBuildOperationRunner.execute(DefaultBuildOperationRunner.java:59)
	at org.gradle.internal.operations.DefaultBuildOperationRunner.call(DefaultBuildOperationRunner.java:53)
	at org.gradle.api.internal.tasks.execution.EventFiringTaskExecuter.execute(EventFiringTaskExecuter.java:52)
	at org.gradle.execution.plan.LocalTaskNodeExecutor.execute(LocalTaskNodeExecutor.java:42)
	at org.gradle.execution.taskgraph.DefaultTaskExecutionGraph$InvokeNodeExecutorsAction.execute(DefaultTaskExecutionGraph.java:331)
	at org.gradle.execution.taskgraph.DefaultTaskExecutionGraph$InvokeNodeExecutorsAction.execute(DefaultTaskExecutionGraph.java:318)
	at org.gradle.execution.taskgraph.DefaultTaskExecutionGraph$BuildOperationAwareExecutionAction.lambda$execute$0(DefaultTaskExecutionGraph.java:314)
	at org.gradle.internal.operations.CurrentBuildOperationRef.with(CurrentBuildOperationRef.java:80)
	at org.gradle.execution.taskgraph.DefaultTaskExecutionGraph$BuildOperationAwareExecutionAction.execute(DefaultTaskExecutionGraph.java:314)
	at org.gradle.execution.taskgraph.DefaultTaskExecutionGraph$BuildOperationAwareExecutionAction.execute(DefaultTaskExecutionGraph.java:303)
	at org.gradle.execution.plan.DefaultPlanExecutor$ExecutorWorker.execute(DefaultPlanExecutor.java:463)
	at org.gradle.execution.plan.DefaultPlanExecutor$ExecutorWorker.run(DefaultPlanExecutor.java:380)
	at org.gradle.execution.plan.DefaultPlanExecutor.process(DefaultPlanExecutor.java:116)
	at org.gradle.execution.taskgraph.DefaultTaskExecutionGraph.executeWithServices(DefaultTaskExecutionGraph.java:138)
	at org.gradle.execution.taskgraph.DefaultTaskExecutionGraph.execute(DefaultTaskExecutionGraph.java:123)
	at org.gradle.execution.SelectedTaskExecutionAction.execute(SelectedTaskExecutionAction.java:35)
	at org.gradle.execution.DryRunBuildExecutionAction.execute(DryRunBuildExecutionAction.java:51)
	at org.gradle.execution.BuildOperationFiringBuildWorkerExecutor$ExecuteTasks.call(BuildOperationFiringBuildWorkerExecutor.java:54)
	at org.gradle.execution.BuildOperationFiringBuildWorkerExecutor$ExecuteTasks.call(BuildOperationFiringBuildWorkerExecutor.java:43)
	at org.gradle.internal.operations.DefaultBuildOperationRunner$CallableBuildOperationWorker.execute(DefaultBuildOperationRunner.java:209)
	at org.gradle.internal.operations.DefaultBuildOperationRunner$CallableBuildOperationWorker.execute(DefaultBuildOperationRunner.java:204)
	at org.gradle.internal.operations.DefaultBuildOperationRunner$2.execute(DefaultBuildOperationRunner.java:66)
	at org.gradle.internal.operations.DefaultBuildOperationRunner$2.execute(DefaultBuildOperationRunner.java:59)
	at org.gradle.internal.operations.DefaultBuildOperationRunner.execute(DefaultBuildOperationRunner.java:166)
	at org.gradle.internal.operations.DefaultBuildOperationRunner.execute(DefaultBuildOperationRunner.java:59)
	at org.gradle.internal.operations.DefaultBuildOperationRunner.call(DefaultBuildOperationRunner.java:53)
	at org.gradle.execution.BuildOperationFiringBuildWorkerExecutor.execute(BuildOperationFiringBuildWorkerExecutor.java:40)
	at org.gradle.internal.build.DefaultBuildLifecycleController.lambda$executeTasks$10(DefaultBuildLifecycleController.java:313)
	at org.gradle.internal.model.StateTransitionController.doTransition(StateTransitionController.java:266)
	at org.gradle.internal.model.StateTransitionController.lambda$tryTransition$8(StateTransitionController.java:177)
	at org.gradle.internal.work.DefaultSynchronizer.withLock(DefaultSynchronizer.java:44)
	at org.gradle.internal.model.StateTransitionController.tryTransition(StateTransitionController.java:177)
	at org.gradle.internal.build.DefaultBuildLifecycleController.executeTasks(DefaultBuildLifecycleController.java:304)
	at org.gradle.internal.build.DefaultBuildWorkGraphController$DefaultBuildWorkGraph.runWork(DefaultBuildWorkGraphController.java:220)
	at org.gradle.internal.work.DefaultWorkerLeaseService.withLocks(DefaultWorkerLeaseService.java:264)
	at org.gradle.internal.work.DefaultWorkerLeaseService.runAsWorkerThread(DefaultWorkerLeaseService.java:128)
	at org.gradle.composite.internal.DefaultBuildController.doRun(DefaultBuildController.java:181)
	at org.gradle.composite.internal.DefaultBuildController.access$000(DefaultBuildController.java:50)
	at org.gradle.composite.internal.DefaultBuildController$BuildOpRunnable.lambda$run$0(DefaultBuildController.java:198)
	at org.gradle.internal.operations.CurrentBuildOperationRef.with(CurrentBuildOperationRef.java:80)
	at org.gradle.composite.internal.DefaultBuildController$BuildOpRunnable.run(DefaultBuildController.java:198)
	at org.gradle.internal.concurrent.ExecutorPolicy$CatchAndRecordFailures.onExecute(ExecutorPolicy.java:64)
	at org.gradle.internal.concurrent.AbstractManagedExecutor$1.run(AbstractManagedExecutor.java:47)
Caused by: org.gradle.api.internal.tasks.compile.CompilationFailedException: Compilation failed; see the compiler error output for details.
	at org.gradle.api.internal.tasks.compile.JdkJavaCompiler.execute(JdkJavaCompiler.java:61)
	at org.gradle.api.internal.tasks.compile.JdkJavaCompiler.execute(JdkJavaCompiler.java:41)
	at org.gradle.api.internal.tasks.compile.NormalizingJavaCompiler.delegateAndHandleErrors(NormalizingJavaCompiler.java:98)
	at org.gradle.api.internal.tasks.compile.NormalizingJavaCompiler.execute(NormalizingJavaCompiler.java:52)
	at org.gradle.api.internal.tasks.compile.NormalizingJavaCompiler.execute(NormalizingJavaCompiler.java:38)
	at org.gradle.api.internal.tasks.compile.AnnotationProcessorDiscoveringCompiler.execute(AnnotationProcessorDiscoveringCompiler.java:52)
	at org.gradle.api.internal.tasks.compile.AnnotationProcessorDiscoveringCompiler.execute(AnnotationProcessorDiscoveringCompiler.java:38)
	at org.gradle.api.internal.tasks.compile.ModuleApplicationNameWritingCompiler.execute(ModuleApplicationNameWritingCompiler.java:46)
	at org.gradle.api.internal.tasks.compile.ModuleApplicationNameWritingCompiler.execute(ModuleApplicationNameWritingCompiler.java:36)
	at org.gradle.jvm.toolchain.internal.DefaultToolchainJavaCompiler.execute(DefaultToolchainJavaCompiler.java:57)
	at org.gradle.api.tasks.compile.JavaCompile.lambda$createToolchainCompiler$3(JavaCompile.java:202)
	at org.gradle.api.internal.tasks.compile.CleaningJavaCompiler.execute(CleaningJavaCompiler.java:53)
	at org.gradle.api.internal.tasks.compile.incremental.IncrementalCompilerFactory.lambda$createRebuildAllCompiler$0(IncrementalCompilerFactory.java:52)
	at org.gradle.api.internal.tasks.compile.incremental.SelectiveCompiler.execute(SelectiveCompiler.java:70)
	at org.gradle.api.internal.tasks.compile.incremental.SelectiveCompiler.execute(SelectiveCompiler.java:44)
	at org.gradle.api.internal.tasks.compile.incremental.IncrementalResultStoringCompiler.execute(IncrementalResultStoringCompiler.java:66)
	at org.gradle.api.internal.tasks.compile.incremental.IncrementalResultStoringCompiler.execute(IncrementalResultStoringCompiler.java:52)
	at org.gradle.api.internal.tasks.compile.CompileJavaBuildOperationReportingCompiler$1.call(CompileJavaBuildOperationReportingCompiler.java:64)
	at org.gradle.api.internal.tasks.compile.CompileJavaBuildOperationReportingCompiler$1.call(CompileJavaBuildOperationReportingCompiler.java:48)
	at org.gradle.internal.operations.DefaultBuildOperationRunner$CallableBuildOperationWorker.execute(DefaultBuildOperationRunner.java:209)
	at org.gradle.internal.operations.DefaultBuildOperationRunner$CallableBuildOperationWorker.execute(DefaultBuildOperationRunner.java:204)
	at org.gradle.internal.operations.DefaultBuildOperationRunner$2.execute(DefaultBuildOperationRunner.java:66)
	at org.gradle.internal.operations.DefaultBuildOperationRunner$2.execute(DefaultBuildOperationRunner.java:59)
	at org.gradle.internal.operations.DefaultBuildOperationRunner.execute(DefaultBuildOperationRunner.java:166)
	at org.gradle.internal.operations.DefaultBuildOperationRunner.execute(DefaultBuildOperationRunner.java:59)
	at org.gradle.internal.operations.DefaultBuildOperationRunner.call(DefaultBuildOperationRunner.java:53)
	at org.gradle.api.internal.tasks.compile.CompileJavaBuildOperationReportingCompiler.execute(CompileJavaBuildOperationReportingCompiler.java:48)
	at org.gradle.api.tasks.compile.JavaCompile.performCompilation(JavaCompile.java:220)
	at org.gradle.api.tasks.compile.JavaCompile.performIncrementalCompilation(JavaCompile.java:161)
	at org.gradle.api.tasks.compile.JavaCompile.compile(JavaCompile.java:146)
	at java.base/jdk.internal.reflect.DirectMethodHandleAccessor.invoke(DirectMethodHandleAccessor.java:103)
	at org.gradle.internal.reflect.JavaMethod.invoke(JavaMethod.java:125)
	at org.gradle.api.internal.project.taskfactory.IncrementalTaskAction.doExecute(IncrementalTaskAction.java:45)
	at org.gradle.api.internal.project.taskfactory.StandardTaskAction.execute(StandardTaskAction.java:51)
	at org.gradle.api.internal.project.taskfactory.IncrementalTaskAction.execute(IncrementalTaskAction.java:26)
	at org.gradle.api.internal.project.taskfactory.StandardTaskAction.execute(StandardTaskAction.java:29)
	at org.gradle.api.internal.tasks.execution.TaskExecution$3.run(TaskExecution.java:244)
	at org.gradle.internal.operations.DefaultBuildOperationRunner$1.execute(DefaultBuildOperationRunner.java:29)
	at org.gradle.internal.operations.DefaultBuildOperationRunner$1.execute(DefaultBuildOperationRunner.java:26)
	at org.gradle.internal.operations.DefaultBuildOperationRunner$2.execute(DefaultBuildOperationRunner.java:66)
	at org.gradle.internal.operations.DefaultBuildOperationRunner$2.execute(DefaultBuildOperationRunner.java:59)
	at org.gradle.internal.operations.DefaultBuildOperationRunner.execute(DefaultBuildOperationRunner.java:166)
	at org.gradle.internal.operations.DefaultBuildOperationRunner.execute(DefaultBuildOperationRunner.java:59)
	at org.gradle.internal.operations.DefaultBuildOperationRunner.run(DefaultBuildOperationRunner.java:47)
	at org.gradle.api.internal.tasks.execution.TaskExecution.executeAction(TaskExecution.java:229)
	at org.gradle.api.internal.tasks.execution.TaskExecution.executeActions(TaskExecution.java:212)
	at org.gradle.api.internal.tasks.execution.TaskExecution.executeWithPreviousOutputFiles(TaskExecution.java:195)
	at org.gradle.api.internal.tasks.execution.TaskExecution.execute(TaskExecution.java:162)
	at org.gradle.internal.execution.steps.ExecuteStep.executeInternal(ExecuteStep.java:105)
	at org.gradle.internal.execution.steps.ExecuteStep.access$000(ExecuteStep.java:44)
	at org.gradle.internal.execution.steps.ExecuteStep$1.call(ExecuteStep.java:59)
	at org.gradle.internal.execution.steps.ExecuteStep$1.call(ExecuteStep.java:56)
	at org.gradle.internal.operations.DefaultBuildOperationRunner$CallableBuildOperationWorker.execute(DefaultBuildOperationRunner.java:209)
	at org.gradle.internal.operations.DefaultBuildOperationRunner$CallableBuildOperationWorker.execute(DefaultBuildOperationRunner.java:204)
	at org.gradle.internal.operations.DefaultBuildOperationRunner$2.execute(DefaultBuildOperationRunner.java:66)
	at org.gradle.internal.operations.DefaultBuildOperationRunner$2.execute(DefaultBuildOperationRunner.java:59)
	at org.gradle.internal.operations.DefaultBuildOperationRunner.execute(DefaultBuildOperationRunner.java:166)
	at org.gradle.internal.operations.DefaultBuildOperationRunner.execute(DefaultBuildOperationRunner.java:59)
	at org.gradle.internal.operations.DefaultBuildOperationRunner.call(DefaultBuildOperationRunner.java:53)
	at org.gradle.internal.execution.steps.ExecuteStep.execute(ExecuteStep.java:56)
	at org.gradle.internal.execution.steps.ExecuteStep.execute(ExecuteStep.java:44)
	at org.gradle.internal.execution.steps.CancelExecutionStep.execute(CancelExecutionStep.java:41)
	at org.gradle.internal.execution.steps.TimeoutStep.executeWithoutTimeout(TimeoutStep.java:74)
	at org.gradle.internal.execution.steps.TimeoutStep.execute(TimeoutStep.java:55)
	at org.gradle.internal.execution.steps.PreCreateOutputParentsStep.execute(PreCreateOutputParentsStep.java:50)
	at org.gradle.internal.execution.steps.PreCreateOutputParentsStep.execute(PreCreateOutputParentsStep.java:28)
	at org.gradle.internal.execution.steps.RemovePreviousOutputsStep.execute(RemovePreviousOutputsStep.java:67)
	at org.gradle.internal.execution.steps.RemovePreviousOutputsStep.execute(RemovePreviousOutputsStep.java:37)
	at org.gradle.internal.execution.steps.BroadcastChangingOutputsStep.execute(BroadcastChangingOutputsStep.java:61)
	at org.gradle.internal.execution.steps.BroadcastChangingOutputsStep.execute(BroadcastChangingOutputsStep.java:26)
	at org.gradle.internal.execution.steps.CaptureOutputsAfterExecutionStep.execute(CaptureOutputsAfterExecutionStep.java:67)
	at org.gradle.internal.execution.steps.CaptureOutputsAfterExecutionStep.execute(CaptureOutputsAfterExecutionStep.java:45)
	at org.gradle.internal.execution.steps.ResolveInputChangesStep.execute(ResolveInputChangesStep.java:40)
	at org.gradle.internal.execution.steps.ResolveInputChangesStep.execute(ResolveInputChangesStep.java:29)
	at org.gradle.internal.execution.steps.BuildCacheStep.executeWithoutCache(BuildCacheStep.java:189)
	at org.gradle.internal.execution.steps.BuildCacheStep.lambda$execute$1(BuildCacheStep.java:75)
	at org.gradle.internal.Either$Right.fold(Either.java:175)
	at org.gradle.internal.execution.caching.CachingState.fold(CachingState.java:62)
	at org.gradle.internal.execution.steps.BuildCacheStep.execute(BuildCacheStep.java:73)
	at org.gradle.internal.execution.steps.BuildCacheStep.execute(BuildCacheStep.java:48)
	at org.gradle.internal.execution.steps.StoreExecutionStateStep.execute(StoreExecutionStateStep.java:46)
	at org.gradle.internal.execution.steps.StoreExecutionStateStep.execute(StoreExecutionStateStep.java:35)
	at org.gradle.internal.execution.steps.SkipUpToDateStep.executeBecause(SkipUpToDateStep.java:76)
	at org.gradle.internal.execution.steps.SkipUpToDateStep.lambda$execute$2(SkipUpToDateStep.java:54)
	at org.gradle.internal.execution.steps.SkipUpToDateStep.execute(SkipUpToDateStep.java:54)
	at org.gradle.internal.execution.steps.SkipUpToDateStep.execute(SkipUpToDateStep.java:36)
	at org.gradle.internal.execution.steps.legacy.MarkSnapshottingInputsFinishedStep.execute(MarkSnapshottingInputsFinishedStep.java:37)
	at org.gradle.internal.execution.steps.legacy.MarkSnapshottingInputsFinishedStep.execute(MarkSnapshottingInputsFinishedStep.java:27)
	at org.gradle.internal.execution.steps.ResolveIncrementalCachingStateStep.executeDelegate(ResolveIncrementalCachingStateStep.java:49)
	at org.gradle.internal.execution.steps.ResolveIncrementalCachingStateStep.executeDelegate(ResolveIncrementalCachingStateStep.java:27)
	at org.gradle.internal.execution.steps.AbstractResolveCachingStateStep.execute(AbstractResolveCachingStateStep.java:71)
	at org.gradle.internal.execution.steps.AbstractResolveCachingStateStep.execute(AbstractResolveCachingStateStep.java:39)
	at org.gradle.internal.execution.steps.ResolveChangesStep.execute(ResolveChangesStep.java:65)
	at org.gradle.internal.execution.steps.ResolveChangesStep.execute(ResolveChangesStep.java:36)
	at org.gradle.internal.execution.steps.ValidateStep.execute(ValidateStep.java:106)
	at org.gradle.internal.execution.steps.ValidateStep.execute(ValidateStep.java:55)
	at org.gradle.internal.execution.steps.AbstractCaptureStateBeforeExecutionStep.execute(AbstractCaptureStateBeforeExecutionStep.java:64)
	at org.gradle.internal.execution.steps.AbstractCaptureStateBeforeExecutionStep.execute(AbstractCaptureStateBeforeExecutionStep.java:43)
	at org.gradle.internal.execution.steps.AbstractSkipEmptyWorkStep.executeWithNonEmptySources(AbstractSkipEmptyWorkStep.java:125)
	at org.gradle.internal.execution.steps.AbstractSkipEmptyWorkStep.execute(AbstractSkipEmptyWorkStep.java:61)
	at org.gradle.internal.execution.steps.AbstractSkipEmptyWorkStep.execute(AbstractSkipEmptyWorkStep.java:36)
	at org.gradle.internal.execution.steps.legacy.MarkSnapshottingInputsStartedStep.execute(MarkSnapshottingInputsStartedStep.java:38)
	at org.gradle.internal.execution.steps.LoadPreviousExecutionStateStep.execute(LoadPreviousExecutionStateStep.java:36)
	at org.gradle.internal.execution.steps.LoadPreviousExecutionStateStep.execute(LoadPreviousExecutionStateStep.java:23)
	at org.gradle.internal.execution.steps.HandleStaleOutputsStep.execute(HandleStaleOutputsStep.java:75)
	at org.gradle.internal.execution.steps.HandleStaleOutputsStep.execute(HandleStaleOutputsStep.java:41)
	at org.gradle.internal.execution.steps.AssignMutableWorkspaceStep.lambda$execute$0(AssignMutableWorkspaceStep.java:35)
	at org.gradle.api.internal.tasks.execution.TaskExecution$4.withWorkspace(TaskExecution.java:289)
	at org.gradle.internal.execution.steps.AssignMutableWorkspaceStep.execute(AssignMutableWorkspaceStep.java:31)
	at org.gradle.internal.execution.steps.AssignMutableWorkspaceStep.execute(AssignMutableWorkspaceStep.java:22)
	at org.gradle.internal.execution.steps.ChoosePipelineStep.execute(ChoosePipelineStep.java:40)
	at org.gradle.internal.execution.steps.ChoosePipelineStep.execute(ChoosePipelineStep.java:23)
	at org.gradle.internal.execution.steps.ExecuteWorkBuildOperationFiringStep.lambda$execute$2(ExecuteWorkBuildOperationFiringStep.java:67)
	at org.gradle.internal.execution.steps.ExecuteWorkBuildOperationFiringStep.execute(ExecuteWorkBuildOperationFiringStep.java:67)
	at org.gradle.internal.execution.steps.ExecuteWorkBuildOperationFiringStep.execute(ExecuteWorkBuildOperationFiringStep.java:39)
	at org.gradle.internal.execution.steps.IdentityCacheStep.execute(IdentityCacheStep.java:46)
	at org.gradle.internal.execution.steps.IdentityCacheStep.execute(IdentityCacheStep.java:34)
	at org.gradle.internal.execution.steps.IdentifyStep.execute(IdentifyStep.java:48)
	at org.gradle.internal.execution.steps.IdentifyStep.execute(IdentifyStep.java:35)
	at org.gradle.internal.execution.impl.DefaultExecutionEngine$1.execute(DefaultExecutionEngine.java:61)
	at org.gradle.api.internal.tasks.execution.ExecuteActionsTaskExecuter.executeIfValid(ExecuteActionsTaskExecuter.java:127)
	at org.gradle.api.internal.tasks.execution.ExecuteActionsTaskExecuter.execute(ExecuteActionsTaskExecuter.java:116)
	at org.gradle.api.internal.tasks.execution.FinalizePropertiesTaskExecuter.execute(FinalizePropertiesTaskExecuter.java:46)
	at org.gradle.api.internal.tasks.execution.ResolveTaskExecutionModeExecuter.execute(ResolveTaskExecutionModeExecuter.java:51)
	at org.gradle.api.internal.tasks.execution.SkipTaskWithNoActionsExecuter.execute(SkipTaskWithNoActionsExecuter.java:57)
	at org.gradle.api.internal.tasks.execution.SkipOnlyIfTaskExecuter.execute(SkipOnlyIfTaskExecuter.java:74)
	at org.gradle.api.internal.tasks.execution.CatchExceptionTaskExecuter.execute(CatchExceptionTaskExecuter.java:36)
	at org.gradle.api.internal.tasks.execution.EventFiringTaskExecuter$1.executeTask(EventFiringTaskExecuter.java:77)
	at org.gradle.api.internal.tasks.execution.EventFiringTaskExecuter$1.call(EventFiringTaskExecuter.java:55)
	at org.gradle.api.internal.tasks.execution.EventFiringTaskExecuter$1.call(EventFiringTaskExecuter.java:52)
	at org.gradle.internal.operations.DefaultBuildOperationRunner$CallableBuildOperationWorker.execute(DefaultBuildOperationRunner.java:209)
	at org.gradle.internal.operations.DefaultBuildOperationRunner$CallableBuildOperationWorker.execute(DefaultBuildOperationRunner.java:204)
	at org.gradle.internal.operations.DefaultBuildOperationRunner$2.execute(DefaultBuildOperationRunner.java:66)
	at org.gradle.internal.operations.DefaultBuildOperationRunner$2.execute(DefaultBuildOperationRunner.java:59)
	at org.gradle.internal.operations.DefaultBuildOperationRunner.execute(DefaultBuildOperationRunner.java:166)
	at org.gradle.internal.operations.DefaultBuildOperationRunner.execute(DefaultBuildOperationRunner.java:59)
	at org.gradle.internal.operations.DefaultBuildOperationRunner.call(DefaultBuildOperationRunner.java:53)
	at org.gradle.api.internal.tasks.execution.EventFiringTaskExecuter.execute(EventFiringTaskExecuter.java:52)
	at org.gradle.execution.plan.LocalTaskNodeExecutor.execute(LocalTaskNodeExecutor.java:42)
	at org.gradle.execution.taskgraph.DefaultTaskExecutionGraph$InvokeNodeExecutorsAction.execute(DefaultTaskExecutionGraph.java:331)
	at org.gradle.execution.taskgraph.DefaultTaskExecutionGraph$InvokeNodeExecutorsAction.execute(DefaultTaskExecutionGraph.java:318)
	at org.gradle.execution.taskgraph.DefaultTaskExecutionGraph$BuildOperationAwareExecutionAction.lambda$execute$0(DefaultTaskExecutionGraph.java:314)
	at org.gradle.internal.operations.CurrentBuildOperationRef.with(CurrentBuildOperationRef.java:80)
	at org.gradle.execution.taskgraph.DefaultTaskExecutionGraph$BuildOperationAwareExecutionAction.execute(DefaultTaskExecutionGraph.java:314)
	at org.gradle.execution.taskgraph.DefaultTaskExecutionGraph$BuildOperationAwareExecutionAction.execute(DefaultTaskExecutionGraph.java:303)
	at org.gradle.execution.plan.DefaultPlanExecutor$ExecutorWorker.execute(DefaultPlanExecutor.java:463)
	at org.gradle.execution.plan.DefaultPlanExecutor$ExecutorWorker.run(DefaultPlanExecutor.java:380)
	at org.gradle.execution.plan.DefaultPlanExecutor.process(DefaultPlanExecutor.java:116)
	at org.gradle.execution.taskgraph.DefaultTaskExecutionGraph.executeWithServices(DefaultTaskExecutionGraph.java:138)
	at org.gradle.execution.taskgraph.DefaultTaskExecutionGraph.execute(DefaultTaskExecutionGraph.java:123)
	at org.gradle.execution.SelectedTaskExecutionAction.execute(SelectedTaskExecutionAction.java:35)
	at org.gradle.execution.DryRunBuildExecutionAction.execute(DryRunBuildExecutionAction.java:51)
	at org.gradle.execution.BuildOperationFiringBuildWorkerExecutor$ExecuteTasks.call(BuildOperationFiringBuildWorkerExecutor.java:54)
	at org.gradle.execution.BuildOperationFiringBuildWorkerExecutor$ExecuteTasks.call(BuildOperationFiringBuildWorkerExecutor.java:43)
	at org.gradle.internal.operations.DefaultBuildOperationRunner$CallableBuildOperationWorker.execute(DefaultBuildOperationRunner.java:209)
	at org.gradle.internal.operations.DefaultBuildOperationRunner$CallableBuildOperationWorker.execute(DefaultBuildOperationRunner.java:204)
	at org.gradle.internal.operations.DefaultBuildOperationRunner$2.execute(DefaultBuildOperationRunner.java:66)
	at org.gradle.internal.operations.DefaultBuildOperationRunner$2.execute(DefaultBuildOperationRunner.java:59)
	at org.gradle.internal.operations.DefaultBuildOperationRunner.execute(DefaultBuildOperationRunner.java:166)
	at org.gradle.internal.operations.DefaultBuildOperationRunner.execute(DefaultBuildOperationRunner.java:59)
	at org.gradle.internal.operations.DefaultBuildOperationRunner.call(DefaultBuildOperationRunner.java:53)
	at org.gradle.execution.BuildOperationFiringBuildWorkerExecutor.execute(BuildOperationFiringBuildWorkerExecutor.java:40)
	at org.gradle.internal.build.DefaultBuildLifecycleController.lambda$executeTasks$10(DefaultBuildLifecycleController.java:313)
	at org.gradle.internal.model.StateTransitionController.doTransition(StateTransitionController.java:266)
	at org.gradle.internal.model.StateTransitionController.lambda$tryTransition$8(StateTransitionController.java:177)
	at org.gradle.internal.work.DefaultSynchronizer.withLock(DefaultSynchronizer.java:44)
	at org.gradle.internal.model.StateTransitionController.tryTransition(StateTransitionController.java:177)
	at org.gradle.internal.build.DefaultBuildLifecycleController.executeTasks(DefaultBuildLifecycleController.java:304)
	at org.gradle.internal.build.DefaultBuildWorkGraphController$DefaultBuildWorkGraph.runWork(DefaultBuildWorkGraphController.java:220)
	at org.gradle.internal.work.DefaultWorkerLeaseService.withLocks(DefaultWorkerLeaseService.java:264)
	at org.gradle.internal.work.DefaultWorkerLeaseService.runAsWorkerThread(DefaultWorkerLeaseService.java:128)
	at org.gradle.composite.internal.DefaultBuildController.doRun(DefaultBuildController.java:181)
	at org.gradle.composite.internal.DefaultBuildController.access$000(DefaultBuildController.java:50)
	at org.gradle.composite.internal.DefaultBuildController$BuildOpRunnable.lambda$run$0(DefaultBuildController.java:198)
	at org.gradle.internal.operations.CurrentBuildOperationRef.with(CurrentBuildOperationRef.java:80)
	at org.gradle.composite.internal.DefaultBuildController$BuildOpRunnable.run(DefaultBuildController.java:198)
	at org.gradle.internal.concurrent.ExecutorPolicy$CatchAndRecordFailures.onExecute(ExecutorPolicy.java:64)
	at org.gradle.internal.concurrent.AbstractManagedExecutor$1.run(AbstractManagedExecutor.java:47)


BUILD FAILED in 3m 32s
1 actionable task: 1 executed
